connected
Testing SQLColAttribute...

-- Column 1: intcol --
SQL_DESC_OCTET_LENGTH: 0
SQL_DESC_TYPE_NAME: INT32

-- Column 2: textcol --
SQL_DESC_OCTET_LENGTH: 0
SQL_DESC_TYPE_NAME: VARCHAR

-- Column 3: varcharcol --
SQL_DESC_OCTET_LENGTH: 0
SQL_DESC_TYPE_NAME: VARCHAR

-- Column 4: empty_varchar_col --
SQL_DESC_OCTET_LENGTH: 0
SQL_DESC_TYPE_NAME: VARCHAR

-- Column 5: varchar5col --
SQL_DESC_OCTET_LENGTH: 0
SQL_DESC_TYPE_NAME: VARCHAR

-- Column 6: CAST(5 days AS INTERVAL) --
SQL_DESC_OCTET_LENGTH: 0
SQL_DESC_TYPE_NAME: INTERVAL
disconnecting
