connected
disconnecting
Connecting with SQLConnect...connected
disconnecting
