connected
'true' (boolean) as SQL_C_CHAR: true
'true' (boolean) as SQL_C_WCHAR: true
'true' (boolean) as SQL_C_SSHORT: 1
'true' (boolean) as SQL_C_USHORT: 1
'true' (boolean) as SQL_C_SLONG: 1
'true' (boolean) as SQL_C_ULONG: 1
'true' (boolean) as SQL_C_FLOAT: 1.000000
'true' (boolean) as SQL_C_DOUBLE: 1.000000
'true' (boolean) as SQL_C_BIT: SQLGetData failed
'true' (boolean) as SQL_C_STINYINT: 1
'true' (boolean) as SQL_C_UTINYINT: 1
'true' (boolean) as SQL_C_SBIGINT: 1
'true' (boolean) as SQL_C_UBIGINT: 1
'true' (boolean) as SQL_C_BINARY: hex: 74727565
'true' (boolean) as SQL_C_BOOKMARK: 1
'true' (boolean) as SQL_C_VARBOOKMARK: hex: 74727565
'true' (boolean) as SQL_C_TYPE_DATE: SQLGetData failed
'true' (boolean) as SQL_C_TYPE_TIME: SQLGetData failed
'true' (boolean) as SQL_C_TYPE_TIMESTAMP: SQLGetData failed
'true' (boolean) as SQL_C_NUMERIC: SQLGetData failed
'true' (boolean) as SQL_C_GUID: SQLGetData failed
'true' (boolean) as SQL_C_INTERVAL_YEAR: SQLGetData failed
'true' (boolean) as SQL_C_INTERVAL_MONTH: SQLGetData failed
'true' (boolean) as SQL_C_INTERVAL_DAY: SQLGetData failed
'true' (boolean) as SQL_C_INTERVAL_HOUR: SQLGetData failed
'true' (boolean) as SQL_C_INTERVAL_MINUTE: SQLGetData failed
'true' (boolean) as SQL_C_INTERVAL_SECOND: SQLGetData failed
'true' (boolean) as SQL_C_INTERVAL_YEAR_TO_MONTH: SQLGetData failed
'true' (boolean) as SQL_C_INTERVAL_DAY_TO_HOUR: SQLGetData failed
'true' (boolean) as SQL_C_INTERVAL_DAY_TO_MINUTE: SQLGetData failed
'true' (boolean) as SQL_C_INTERVAL_DAY_TO_SECOND: SQLGetData failed
'true' (boolean) as SQL_C_INTERVAL_HOUR_TO_MINUTE: SQLGetData failed
'true' (boolean) as SQL_C_INTERVAL_HOUR_TO_SECOND: SQLGetData failed
'true' (boolean) as SQL_C_INTERVAL_MINUTE_TO_SECOND: SQLGetData failed
'\x464F4F' (bytea) as SQL_C_CHAR: F4F4F
'\x464F4F' (bytea) as SQL_C_WCHAR: F4F4F
'\x464F4F' (bytea) as SQL_C_SSHORT: SQLGetData failed
'\x464F4F' (bytea) as SQL_C_USHORT: SQLGetData failed
'\x464F4F' (bytea) as SQL_C_SLONG: SQLGetData failed
'\x464F4F' (bytea) as SQL_C_ULONG: SQLGetData failed
'\x464F4F' (bytea) as SQL_C_FLOAT: SQLGetData failed
'\x464F4F' (bytea) as SQL_C_DOUBLE: SQLGetData failed
'\x464F4F' (bytea) as SQL_C_BIT: SQLGetData failed
'\x464F4F' (bytea) as SQL_C_STINYINT: SQLGetData failed
'\x464F4F' (bytea) as SQL_C_UTINYINT: SQLGetData failed
'\x464F4F' (bytea) as SQL_C_SBIGINT: SQLGetData failed
'\x464F4F' (bytea) as SQL_C_UBIGINT: SQLGetData failed
'\x464F4F' (bytea) as SQL_C_BINARY: hex: 4634463446
'\x464F4F' (bytea) as SQL_C_BOOKMARK: SQLGetData failed
'\x464F4F' (bytea) as SQL_C_VARBOOKMARK: hex: 4634463446
'\x464F4F' (bytea) as SQL_C_TYPE_DATE: SQLGetData failed
'\x464F4F' (bytea) as SQL_C_TYPE_TIME: SQLGetData failed
'\x464F4F' (bytea) as SQL_C_TYPE_TIMESTAMP: SQLGetData failed
'\x464F4F' (bytea) as SQL_C_NUMERIC: SQLGetData failed
'\x464F4F' (bytea) as SQL_C_GUID: SQLGetData failed
'\x464F4F' (bytea) as SQL_C_INTERVAL_YEAR: SQLGetData failed
'\x464F4F' (bytea) as SQL_C_INTERVAL_MONTH: SQLGetData failed
'\x464F4F' (bytea) as SQL_C_INTERVAL_DAY: SQLGetData failed
'\x464F4F' (bytea) as SQL_C_INTERVAL_HOUR: SQLGetData failed
'\x464F4F' (bytea) as SQL_C_INTERVAL_MINUTE: SQLGetData failed
'\x464F4F' (bytea) as SQL_C_INTERVAL_SECOND: SQLGetData failed
'\x464F4F' (bytea) as SQL_C_INTERVAL_YEAR_TO_MONTH: SQLGetData failed
'\x464F4F' (bytea) as SQL_C_INTERVAL_DAY_TO_HOUR: SQLGetData failed
'\x464F4F' (bytea) as SQL_C_INTERVAL_DAY_TO_MINUTE: SQLGetData failed
'\x464F4F' (bytea) as SQL_C_INTERVAL_DAY_TO_SECOND: SQLGetData failed
'\x464F4F' (bytea) as SQL_C_INTERVAL_HOUR_TO_MINUTE: SQLGetData failed
'\x464F4F' (bytea) as SQL_C_INTERVAL_HOUR_TO_SECOND: SQLGetData failed
'\x464F4F' (bytea) as SQL_C_INTERVAL_MINUTE_TO_SECOND: SQLGetData failed
'x' (char) as SQL_C_CHAR: x
'x' (char) as SQL_C_WCHAR: x
'x' (char) as SQL_C_SSHORT: SQLGetData failed
'x' (char) as SQL_C_USHORT: SQLGetData failed
'x' (char) as SQL_C_SLONG: SQLGetData failed
'x' (char) as SQL_C_ULONG: SQLGetData failed
'x' (char) as SQL_C_FLOAT: SQLGetData failed
'x' (char) as SQL_C_DOUBLE: SQLGetData failed
'x' (char) as SQL_C_BIT: SQLGetData failed
'x' (char) as SQL_C_STINYINT: SQLGetData failed
'x' (char) as SQL_C_UTINYINT: SQLGetData failed
'x' (char) as SQL_C_SBIGINT: SQLGetData failed
'x' (char) as SQL_C_UBIGINT: SQLGetData failed
'x' (char) as SQL_C_BINARY: hex: 78
'x' (char) as SQL_C_BOOKMARK: SQLGetData failed
'x' (char) as SQL_C_VARBOOKMARK: hex: 78
'x' (char) as SQL_C_TYPE_DATE: SQLGetData failed
'x' (char) as SQL_C_TYPE_TIME: SQLGetData failed
'x' (char) as SQL_C_TYPE_TIMESTAMP: SQLGetData failed
'x' (char) as SQL_C_NUMERIC: SQLGetData failed
'x' (char) as SQL_C_GUID: SQLGetData failed
'x' (char) as SQL_C_INTERVAL_YEAR: SQLGetData failed
'x' (char) as SQL_C_INTERVAL_MONTH: SQLGetData failed
'x' (char) as SQL_C_INTERVAL_DAY: SQLGetData failed
'x' (char) as SQL_C_INTERVAL_HOUR: SQLGetData failed
'x' (char) as SQL_C_INTERVAL_MINUTE: SQLGetData failed
'x' (char) as SQL_C_INTERVAL_SECOND: SQLGetData failed
'x' (char) as SQL_C_INTERVAL_YEAR_TO_MONTH: SQLGetData failed
'x' (char) as SQL_C_INTERVAL_DAY_TO_HOUR: SQLGetData failed
'x' (char) as SQL_C_INTERVAL_DAY_TO_MINUTE: SQLGetData failed
'x' (char) as SQL_C_INTERVAL_DAY_TO_SECOND: SQLGetData failed
'x' (char) as SQL_C_INTERVAL_HOUR_TO_MINUTE: SQLGetData failed
'x' (char) as SQL_C_INTERVAL_HOUR_TO_SECOND: SQLGetData failed
'x' (char) as SQL_C_INTERVAL_MINUTE_TO_SECOND: SQLGetData failed
'1234567890' (int8) as SQL_C_CHAR: 1234567890
'1234567890' (int8) as SQL_C_WCHAR: 1234567890
'1234567890' (int8) as SQL_C_SSHORT: SQLGetData failed
'1234567890' (int8) as SQL_C_USHORT: SQLGetData failed
'1234567890' (int8) as SQL_C_SLONG: 1234567890
'1234567890' (int8) as SQL_C_ULONG: 1234567890
'1234567890' (int8) as SQL_C_FLOAT: 1234567936.000000
'1234567890' (int8) as SQL_C_DOUBLE: 1234567890.000000
'1234567890' (int8) as SQL_C_BIT: SQLGetData failed
'1234567890' (int8) as SQL_C_STINYINT: SQLGetData failed
'1234567890' (int8) as SQL_C_UTINYINT: SQLGetData failed
'1234567890' (int8) as SQL_C_SBIGINT: 1234567890
'1234567890' (int8) as SQL_C_UBIGINT: 1234567890
'1234567890' (int8) as SQL_C_BINARY: hex: 31323334353637383930
'1234567890' (int8) as SQL_C_BOOKMARK: 1234567890
'1234567890' (int8) as SQL_C_VARBOOKMARK: hex: 31323334353637383930
'1234567890' (int8) as SQL_C_TYPE_DATE: SQLGetData failed
'1234567890' (int8) as SQL_C_TYPE_TIME: SQLGetData failed
'1234567890' (int8) as SQL_C_TYPE_TIMESTAMP: SQLGetData failed
'1234567890' (int8) as SQL_C_NUMERIC: SQLGetData failed
'1234567890' (int8) as SQL_C_GUID: SQLGetData failed
'1234567890' (int8) as SQL_C_INTERVAL_YEAR: SQLGetData failed
'1234567890' (int8) as SQL_C_INTERVAL_MONTH: SQLGetData failed
'1234567890' (int8) as SQL_C_INTERVAL_DAY: SQLGetData failed
'1234567890' (int8) as SQL_C_INTERVAL_HOUR: SQLGetData failed
'1234567890' (int8) as SQL_C_INTERVAL_MINUTE: SQLGetData failed
'1234567890' (int8) as SQL_C_INTERVAL_SECOND: SQLGetData failed
'1234567890' (int8) as SQL_C_INTERVAL_YEAR_TO_MONTH: SQLGetData failed
'1234567890' (int8) as SQL_C_INTERVAL_DAY_TO_HOUR: SQLGetData failed
'1234567890' (int8) as SQL_C_INTERVAL_DAY_TO_MINUTE: SQLGetData failed
'1234567890' (int8) as SQL_C_INTERVAL_DAY_TO_SECOND: SQLGetData failed
'1234567890' (int8) as SQL_C_INTERVAL_HOUR_TO_MINUTE: SQLGetData failed
'1234567890' (int8) as SQL_C_INTERVAL_HOUR_TO_SECOND: SQLGetData failed
'1234567890' (int8) as SQL_C_INTERVAL_MINUTE_TO_SECOND: SQLGetData failed
'12345' (int2) as SQL_C_CHAR: 12345
'12345' (int2) as SQL_C_WCHAR: 12345
'12345' (int2) as SQL_C_SSHORT: 12345
'12345' (int2) as SQL_C_USHORT: 12345
'12345' (int2) as SQL_C_SLONG: 12345
'12345' (int2) as SQL_C_ULONG: 12345
'12345' (int2) as SQL_C_FLOAT: 12345.000000
'12345' (int2) as SQL_C_DOUBLE: 12345.000000
'12345' (int2) as SQL_C_BIT: SQLGetData failed
'12345' (int2) as SQL_C_STINYINT: SQLGetData failed
'12345' (int2) as SQL_C_UTINYINT: SQLGetData failed
'12345' (int2) as SQL_C_SBIGINT: 12345
'12345' (int2) as SQL_C_UBIGINT: 12345
'12345' (int2) as SQL_C_BINARY: hex: 3132333435
'12345' (int2) as SQL_C_BOOKMARK: 12345
'12345' (int2) as SQL_C_VARBOOKMARK: hex: 3132333435
'12345' (int2) as SQL_C_TYPE_DATE: SQLGetData failed
'12345' (int2) as SQL_C_TYPE_TIME: SQLGetData failed
'12345' (int2) as SQL_C_TYPE_TIMESTAMP: SQLGetData failed
'12345' (int2) as SQL_C_NUMERIC: SQLGetData failed
'12345' (int2) as SQL_C_GUID: SQLGetData failed
'12345' (int2) as SQL_C_INTERVAL_YEAR: SQLGetData failed
'12345' (int2) as SQL_C_INTERVAL_MONTH: SQLGetData failed
'12345' (int2) as SQL_C_INTERVAL_DAY: SQLGetData failed
'12345' (int2) as SQL_C_INTERVAL_HOUR: SQLGetData failed
'12345' (int2) as SQL_C_INTERVAL_MINUTE: SQLGetData failed
'12345' (int2) as SQL_C_INTERVAL_SECOND: SQLGetData failed
'12345' (int2) as SQL_C_INTERVAL_YEAR_TO_MONTH: SQLGetData failed
'12345' (int2) as SQL_C_INTERVAL_DAY_TO_HOUR: SQLGetData failed
'12345' (int2) as SQL_C_INTERVAL_DAY_TO_MINUTE: SQLGetData failed
'12345' (int2) as SQL_C_INTERVAL_DAY_TO_SECOND: SQLGetData failed
'12345' (int2) as SQL_C_INTERVAL_HOUR_TO_MINUTE: SQLGetData failed
'12345' (int2) as SQL_C_INTERVAL_HOUR_TO_SECOND: SQLGetData failed
'12345' (int2) as SQL_C_INTERVAL_MINUTE_TO_SECOND: SQLGetData failed
'1234567' (int4) as SQL_C_CHAR: 1234567
'1234567' (int4) as SQL_C_WCHAR: 1234567
'1234567' (int4) as SQL_C_SSHORT: SQLGetData failed
'1234567' (int4) as SQL_C_USHORT: SQLGetData failed
'1234567' (int4) as SQL_C_SLONG: 1234567
'1234567' (int4) as SQL_C_ULONG: 1234567
'1234567' (int4) as SQL_C_FLOAT: 1234567.000000
'1234567' (int4) as SQL_C_DOUBLE: 1234567.000000
'1234567' (int4) as SQL_C_BIT: SQLGetData failed
'1234567' (int4) as SQL_C_STINYINT: SQLGetData failed
'1234567' (int4) as SQL_C_UTINYINT: SQLGetData failed
'1234567' (int4) as SQL_C_SBIGINT: 1234567
'1234567' (int4) as SQL_C_UBIGINT: 1234567
'1234567' (int4) as SQL_C_BINARY: hex: 31323334353637
'1234567' (int4) as SQL_C_BOOKMARK: 1234567
'1234567' (int4) as SQL_C_VARBOOKMARK: hex: 31323334353637
'1234567' (int4) as SQL_C_TYPE_DATE: SQLGetData failed
'1234567' (int4) as SQL_C_TYPE_TIME: SQLGetData failed
'1234567' (int4) as SQL_C_TYPE_TIMESTAMP: SQLGetData failed
'1234567' (int4) as SQL_C_NUMERIC: SQLGetData failed
'1234567' (int4) as SQL_C_GUID: SQLGetData failed
'1234567' (int4) as SQL_C_INTERVAL_YEAR: SQLGetData failed
'1234567' (int4) as SQL_C_INTERVAL_MONTH: SQLGetData failed
'1234567' (int4) as SQL_C_INTERVAL_DAY: SQLGetData failed
'1234567' (int4) as SQL_C_INTERVAL_HOUR: SQLGetData failed
'1234567' (int4) as SQL_C_INTERVAL_MINUTE: SQLGetData failed
'1234567' (int4) as SQL_C_INTERVAL_SECOND: SQLGetData failed
'1234567' (int4) as SQL_C_INTERVAL_YEAR_TO_MONTH: SQLGetData failed
'1234567' (int4) as SQL_C_INTERVAL_DAY_TO_HOUR: SQLGetData failed
'1234567' (int4) as SQL_C_INTERVAL_DAY_TO_MINUTE: SQLGetData failed
'1234567' (int4) as SQL_C_INTERVAL_DAY_TO_SECOND: SQLGetData failed
'1234567' (int4) as SQL_C_INTERVAL_HOUR_TO_MINUTE: SQLGetData failed
'1234567' (int4) as SQL_C_INTERVAL_HOUR_TO_SECOND: SQLGetData failed
'1234567' (int4) as SQL_C_INTERVAL_MINUTE_TO_SECOND: SQLGetData failed
'textdata' (text) as SQL_C_CHAR: textdata
'textdata' (text) as SQL_C_WCHAR: textdata
'textdata' (text) as SQL_C_SSHORT: SQLGetData failed
'textdata' (text) as SQL_C_USHORT: SQLGetData failed
'textdata' (text) as SQL_C_SLONG: SQLGetData failed
'textdata' (text) as SQL_C_ULONG: SQLGetData failed
'textdata' (text) as SQL_C_FLOAT: SQLGetData failed
'textdata' (text) as SQL_C_DOUBLE: SQLGetData failed
'textdata' (text) as SQL_C_BIT: SQLGetData failed
'textdata' (text) as SQL_C_STINYINT: SQLGetData failed
'textdata' (text) as SQL_C_UTINYINT: SQLGetData failed
'textdata' (text) as SQL_C_SBIGINT: SQLGetData failed
'textdata' (text) as SQL_C_UBIGINT: SQLGetData failed
'textdata' (text) as SQL_C_BINARY: hex: 7465787464617461
'textdata' (text) as SQL_C_BOOKMARK: SQLGetData failed
'textdata' (text) as SQL_C_VARBOOKMARK: hex: 7465787464617461
'textdata' (text) as SQL_C_TYPE_DATE: SQLGetData failed
'textdata' (text) as SQL_C_TYPE_TIME: SQLGetData failed
'textdata' (text) as SQL_C_TYPE_TIMESTAMP: SQLGetData failed
'textdata' (text) as SQL_C_NUMERIC: SQLGetData failed
'textdata' (text) as SQL_C_GUID: SQLGetData failed
'textdata' (text) as SQL_C_INTERVAL_YEAR: SQLGetData failed
'textdata' (text) as SQL_C_INTERVAL_MONTH: SQLGetData failed
'textdata' (text) as SQL_C_INTERVAL_DAY: SQLGetData failed
'textdata' (text) as SQL_C_INTERVAL_HOUR: SQLGetData failed
'textdata' (text) as SQL_C_INTERVAL_MINUTE: SQLGetData failed
'textdata' (text) as SQL_C_INTERVAL_SECOND: SQLGetData failed
'textdata' (text) as SQL_C_INTERVAL_YEAR_TO_MONTH: SQLGetData failed
'textdata' (text) as SQL_C_INTERVAL_DAY_TO_HOUR: SQLGetData failed
'textdata' (text) as SQL_C_INTERVAL_DAY_TO_MINUTE: SQLGetData failed
'textdata' (text) as SQL_C_INTERVAL_DAY_TO_SECOND: SQLGetData failed
'textdata' (text) as SQL_C_INTERVAL_HOUR_TO_MINUTE: SQLGetData failed
'textdata' (text) as SQL_C_INTERVAL_HOUR_TO_SECOND: SQLGetData failed
'textdata' (text) as SQL_C_INTERVAL_MINUTE_TO_SECOND: SQLGetData failed
'1.234' (float4) as SQL_C_CHAR: 1.234
'1.234' (float4) as SQL_C_WCHAR: 1.234
'1.234' (float4) as SQL_C_SSHORT: 1
'1.234' (float4) as SQL_C_USHORT: 1
'1.234' (float4) as SQL_C_SLONG: 1
'1.234' (float4) as SQL_C_ULONG: 1
'1.234' (float4) as SQL_C_FLOAT: 1.234000
'1.234' (float4) as SQL_C_DOUBLE: 1.234000
'1.234' (float4) as SQL_C_BIT: SQLGetData failed
'1.234' (float4) as SQL_C_STINYINT: 1
'1.234' (float4) as SQL_C_UTINYINT: 1
'1.234' (float4) as SQL_C_SBIGINT: 1
'1.234' (float4) as SQL_C_UBIGINT: 1
'1.234' (float4) as SQL_C_BINARY: hex: 312E323334
'1.234' (float4) as SQL_C_BOOKMARK: 1
'1.234' (float4) as SQL_C_VARBOOKMARK: hex: 312E323334
'1.234' (float4) as SQL_C_TYPE_DATE: SQLGetData failed
'1.234' (float4) as SQL_C_TYPE_TIME: SQLGetData failed
'1.234' (float4) as SQL_C_TYPE_TIMESTAMP: SQLGetData failed
'1.234' (float4) as SQL_C_NUMERIC: SQLGetData failed
'1.234' (float4) as SQL_C_GUID: SQLGetData failed
'1.234' (float4) as SQL_C_INTERVAL_YEAR: SQLGetData failed
'1.234' (float4) as SQL_C_INTERVAL_MONTH: SQLGetData failed
'1.234' (float4) as SQL_C_INTERVAL_DAY: SQLGetData failed
'1.234' (float4) as SQL_C_INTERVAL_HOUR: SQLGetData failed
'1.234' (float4) as SQL_C_INTERVAL_MINUTE: SQLGetData failed
'1.234' (float4) as SQL_C_INTERVAL_SECOND: SQLGetData failed
'1.234' (float4) as SQL_C_INTERVAL_YEAR_TO_MONTH: SQLGetData failed
'1.234' (float4) as SQL_C_INTERVAL_DAY_TO_HOUR: SQLGetData failed
'1.234' (float4) as SQL_C_INTERVAL_DAY_TO_MINUTE: SQLGetData failed
'1.234' (float4) as SQL_C_INTERVAL_DAY_TO_SECOND: SQLGetData failed
'1.234' (float4) as SQL_C_INTERVAL_HOUR_TO_MINUTE: SQLGetData failed
'1.234' (float4) as SQL_C_INTERVAL_HOUR_TO_SECOND: SQLGetData failed
'1.234' (float4) as SQL_C_INTERVAL_MINUTE_TO_SECOND: SQLGetData failed
'1.23456789012' (double) as SQL_C_CHAR: 1.23456789012
'1.23456789012' (double) as SQL_C_WCHAR: 1.23456789012
'1.23456789012' (double) as SQL_C_SSHORT: 1
'1.23456789012' (double) as SQL_C_USHORT: 1
'1.23456789012' (double) as SQL_C_SLONG: 1
'1.23456789012' (double) as SQL_C_ULONG: 1
'1.23456789012' (double) as SQL_C_FLOAT: 1.234568
'1.23456789012' (double) as SQL_C_DOUBLE: 1.234568
'1.23456789012' (double) as SQL_C_BIT: SQLGetData failed
'1.23456789012' (double) as SQL_C_STINYINT: 1
'1.23456789012' (double) as SQL_C_UTINYINT: 1
'1.23456789012' (double) as SQL_C_SBIGINT: 1
'1.23456789012' (double) as SQL_C_UBIGINT: 1
'1.23456789012' (double) as SQL_C_BINARY: hex: 312E3233343536373839303132
'1.23456789012' (double) as SQL_C_BOOKMARK: 1
'1.23456789012' (double) as SQL_C_VARBOOKMARK: hex: 312E3233343536373839303132
'1.23456789012' (double) as SQL_C_TYPE_DATE: SQLGetData failed
'1.23456789012' (double) as SQL_C_TYPE_TIME: SQLGetData failed
'1.23456789012' (double) as SQL_C_TYPE_TIMESTAMP: SQLGetData failed
'1.23456789012' (double) as SQL_C_NUMERIC: SQLGetData failed
'1.23456789012' (double) as SQL_C_GUID: SQLGetData failed
'1.23456789012' (double) as SQL_C_INTERVAL_YEAR: SQLGetData failed
'1.23456789012' (double) as SQL_C_INTERVAL_MONTH: SQLGetData failed
'1.23456789012' (double) as SQL_C_INTERVAL_DAY: SQLGetData failed
'1.23456789012' (double) as SQL_C_INTERVAL_HOUR: SQLGetData failed
'1.23456789012' (double) as SQL_C_INTERVAL_MINUTE: SQLGetData failed
'1.23456789012' (double) as SQL_C_INTERVAL_SECOND: SQLGetData failed
'1.23456789012' (double) as SQL_C_INTERVAL_YEAR_TO_MONTH: SQLGetData failed
'1.23456789012' (double) as SQL_C_INTERVAL_DAY_TO_HOUR: SQLGetData failed
'1.23456789012' (double) as SQL_C_INTERVAL_DAY_TO_MINUTE: SQLGetData failed
'1.23456789012' (double) as SQL_C_INTERVAL_DAY_TO_SECOND: SQLGetData failed
'1.23456789012' (double) as SQL_C_INTERVAL_HOUR_TO_MINUTE: SQLGetData failed
'1.23456789012' (double) as SQL_C_INTERVAL_HOUR_TO_SECOND: SQLGetData failed
'1.23456789012' (double) as SQL_C_INTERVAL_MINUTE_TO_SECOND: SQLGetData failed
'foobar' (varchar) as SQL_C_CHAR: foobar
'foobar' (varchar) as SQL_C_WCHAR: foobar
'foobar' (varchar) as SQL_C_SSHORT: SQLGetData failed
'foobar' (varchar) as SQL_C_USHORT: SQLGetData failed
'foobar' (varchar) as SQL_C_SLONG: SQLGetData failed
'foobar' (varchar) as SQL_C_ULONG: SQLGetData failed
'foobar' (varchar) as SQL_C_FLOAT: SQLGetData failed
'foobar' (varchar) as SQL_C_DOUBLE: SQLGetData failed
'foobar' (varchar) as SQL_C_BIT: SQLGetData failed
'foobar' (varchar) as SQL_C_STINYINT: SQLGetData failed
'foobar' (varchar) as SQL_C_UTINYINT: SQLGetData failed
'foobar' (varchar) as SQL_C_SBIGINT: SQLGetData failed
'foobar' (varchar) as SQL_C_UBIGINT: SQLGetData failed
'foobar' (varchar) as SQL_C_BINARY: hex: 666F6F626172
'foobar' (varchar) as SQL_C_BOOKMARK: SQLGetData failed
'foobar' (varchar) as SQL_C_VARBOOKMARK: hex: 666F6F626172
'foobar' (varchar) as SQL_C_TYPE_DATE: SQLGetData failed
'foobar' (varchar) as SQL_C_TYPE_TIME: SQLGetData failed
'foobar' (varchar) as SQL_C_TYPE_TIMESTAMP: SQLGetData failed
'foobar' (varchar) as SQL_C_NUMERIC: SQLGetData failed
'foobar' (varchar) as SQL_C_GUID: SQLGetData failed
'foobar' (varchar) as SQL_C_INTERVAL_YEAR: SQLGetData failed
'foobar' (varchar) as SQL_C_INTERVAL_MONTH: SQLGetData failed
'foobar' (varchar) as SQL_C_INTERVAL_DAY: SQLGetData failed
'foobar' (varchar) as SQL_C_INTERVAL_HOUR: SQLGetData failed
'foobar' (varchar) as SQL_C_INTERVAL_MINUTE: SQLGetData failed
'foobar' (varchar) as SQL_C_INTERVAL_SECOND: SQLGetData failed
'foobar' (varchar) as SQL_C_INTERVAL_YEAR_TO_MONTH: SQLGetData failed
'foobar' (varchar) as SQL_C_INTERVAL_DAY_TO_HOUR: SQLGetData failed
'foobar' (varchar) as SQL_C_INTERVAL_DAY_TO_MINUTE: SQLGetData failed
'foobar' (varchar) as SQL_C_INTERVAL_DAY_TO_SECOND: SQLGetData failed
'foobar' (varchar) as SQL_C_INTERVAL_HOUR_TO_MINUTE: SQLGetData failed
'foobar' (varchar) as SQL_C_INTERVAL_HOUR_TO_SECOND: SQLGetData failed
'foobar' (varchar) as SQL_C_INTERVAL_MINUTE_TO_SECOND: SQLGetData failed
'2011-02-13' (date) as SQL_C_CHAR: 2011-02-13
'2011-02-13' (date) as SQL_C_WCHAR: 2011-02-13
'2011-02-13' (date) as SQL_C_SSHORT: SQLGetData failed
'2011-02-13' (date) as SQL_C_USHORT: SQLGetData failed
'2011-02-13' (date) as SQL_C_SLONG: SQLGetData failed
'2011-02-13' (date) as SQL_C_ULONG: SQLGetData failed
'2011-02-13' (date) as SQL_C_FLOAT: SQLGetData failed
'2011-02-13' (date) as SQL_C_DOUBLE: SQLGetData failed
'2011-02-13' (date) as SQL_C_BIT: SQLGetData failed
'2011-02-13' (date) as SQL_C_STINYINT: SQLGetData failed
'2011-02-13' (date) as SQL_C_UTINYINT: SQLGetData failed
'2011-02-13' (date) as SQL_C_SBIGINT: SQLGetData failed
'2011-02-13' (date) as SQL_C_UBIGINT: SQLGetData failed
'2011-02-13' (date) as SQL_C_BINARY: hex: 323031312D30322D3133
'2011-02-13' (date) as SQL_C_BOOKMARK: SQLGetData failed
'2011-02-13' (date) as SQL_C_VARBOOKMARK: hex: 323031312D30322D3133
'2011-02-13' (date) as SQL_C_TYPE_DATE: y: 2011 m: 2 d: 13
'2011-02-13' (date) as SQL_C_TYPE_TIME: SQLGetData failed
'2011-02-13' (date) as SQL_C_TYPE_TIMESTAMP: y: 2011 m: 2 d: 13 h: 0 m: 0 s: 0 f: 0
'2011-02-13' (date) as SQL_C_NUMERIC: SQLGetData failed
'2011-02-13' (date) as SQL_C_GUID: SQLGetData failed
'2011-02-13' (date) as SQL_C_INTERVAL_YEAR: SQLGetData failed
'2011-02-13' (date) as SQL_C_INTERVAL_MONTH: SQLGetData failed
'2011-02-13' (date) as SQL_C_INTERVAL_DAY: SQLGetData failed
'2011-02-13' (date) as SQL_C_INTERVAL_HOUR: SQLGetData failed
'2011-02-13' (date) as SQL_C_INTERVAL_MINUTE: SQLGetData failed
'2011-02-13' (date) as SQL_C_INTERVAL_SECOND: SQLGetData failed
'2011-02-13' (date) as SQL_C_INTERVAL_YEAR_TO_MONTH: SQLGetData failed
'2011-02-13' (date) as SQL_C_INTERVAL_DAY_TO_HOUR: SQLGetData failed
'2011-02-13' (date) as SQL_C_INTERVAL_DAY_TO_MINUTE: SQLGetData failed
'2011-02-13' (date) as SQL_C_INTERVAL_DAY_TO_SECOND: SQLGetData failed
'2011-02-13' (date) as SQL_C_INTERVAL_HOUR_TO_MINUTE: SQLGetData failed
'2011-02-13' (date) as SQL_C_INTERVAL_HOUR_TO_SECOND: SQLGetData failed
'2011-02-13' (date) as SQL_C_INTERVAL_MINUTE_TO_SECOND: SQLGetData failed
'13:23:34' (time) as SQL_C_CHAR: 13:23:34
'13:23:34' (time) as SQL_C_WCHAR: 13:23:34
'13:23:34' (time) as SQL_C_SSHORT: SQLGetData failed
'13:23:34' (time) as SQL_C_USHORT: SQLGetData failed
'13:23:34' (time) as SQL_C_SLONG: SQLGetData failed
'13:23:34' (time) as SQL_C_ULONG: SQLGetData failed
'13:23:34' (time) as SQL_C_FLOAT: SQLGetData failed
'13:23:34' (time) as SQL_C_DOUBLE: SQLGetData failed
'13:23:34' (time) as SQL_C_BIT: SQLGetData failed
'13:23:34' (time) as SQL_C_STINYINT: SQLGetData failed
'13:23:34' (time) as SQL_C_UTINYINT: SQLGetData failed
'13:23:34' (time) as SQL_C_SBIGINT: SQLGetData failed
'13:23:34' (time) as SQL_C_UBIGINT: SQLGetData failed
'13:23:34' (time) as SQL_C_BINARY: hex: 31333A32333A3334
'13:23:34' (time) as SQL_C_BOOKMARK: SQLGetData failed
'13:23:34' (time) as SQL_C_VARBOOKMARK: hex: 31333A32333A3334
'13:23:34' (time) as SQL_C_TYPE_DATE: SQLGetData failed
'13:23:34' (time) as SQL_C_TYPE_TIME: h: 13 m: 23 s: 34
'13:23:34' (time) as SQL_C_TYPE_TIMESTAMP: SQLGetData failed
'13:23:34' (time) as SQL_C_NUMERIC: SQLGetData failed
'13:23:34' (time) as SQL_C_GUID: SQLGetData failed
'13:23:34' (time) as SQL_C_INTERVAL_YEAR: SQLGetData failed
'13:23:34' (time) as SQL_C_INTERVAL_MONTH: SQLGetData failed
'13:23:34' (time) as SQL_C_INTERVAL_DAY: SQLGetData failed
'13:23:34' (time) as SQL_C_INTERVAL_HOUR: SQLGetData failed
'13:23:34' (time) as SQL_C_INTERVAL_MINUTE: SQLGetData failed
'13:23:34' (time) as SQL_C_INTERVAL_SECOND: SQLGetData failed
'13:23:34' (time) as SQL_C_INTERVAL_YEAR_TO_MONTH: SQLGetData failed
'13:23:34' (time) as SQL_C_INTERVAL_DAY_TO_HOUR: SQLGetData failed
'13:23:34' (time) as SQL_C_INTERVAL_DAY_TO_MINUTE: SQLGetData failed
'13:23:34' (time) as SQL_C_INTERVAL_DAY_TO_SECOND: SQLGetData failed
'13:23:34' (time) as SQL_C_INTERVAL_HOUR_TO_MINUTE: SQLGetData failed
'13:23:34' (time) as SQL_C_INTERVAL_HOUR_TO_SECOND: SQLGetData failed
'13:23:34' (time) as SQL_C_INTERVAL_MINUTE_TO_SECOND: SQLGetData failed
'2011-02-15 15:49:18' (timestamp) as SQL_C_CHAR: 2011-02-15 15:49:18
'2011-02-15 15:49:18' (timestamp) as SQL_C_WCHAR: 2011-02-15 15:49:18
'2011-02-15 15:49:18' (timestamp) as SQL_C_SSHORT: SQLGetData failed
'2011-02-15 15:49:18' (timestamp) as SQL_C_USHORT: SQLGetData failed
'2011-02-15 15:49:18' (timestamp) as SQL_C_SLONG: SQLGetData failed
'2011-02-15 15:49:18' (timestamp) as SQL_C_ULONG: SQLGetData failed
'2011-02-15 15:49:18' (timestamp) as SQL_C_FLOAT: SQLGetData failed
'2011-02-15 15:49:18' (timestamp) as SQL_C_DOUBLE: SQLGetData failed
'2011-02-15 15:49:18' (timestamp) as SQL_C_BIT: SQLGetData failed
'2011-02-15 15:49:18' (timestamp) as SQL_C_STINYINT: SQLGetData failed
'2011-02-15 15:49:18' (timestamp) as SQL_C_UTINYINT: SQLGetData failed
'2011-02-15 15:49:18' (timestamp) as SQL_C_SBIGINT: SQLGetData failed
'2011-02-15 15:49:18' (timestamp) as SQL_C_UBIGINT: SQLGetData failed
'2011-02-15 15:49:18' (timestamp) as SQL_C_BINARY: hex: 323031312D30322D31352031353A34393A3138
'2011-02-15 15:49:18' (timestamp) as SQL_C_BOOKMARK: SQLGetData failed
'2011-02-15 15:49:18' (timestamp) as SQL_C_VARBOOKMARK: hex: 323031312D30322D31352031353A34393A3138
'2011-02-15 15:49:18' (timestamp) as SQL_C_TYPE_DATE: y: 2011 m: 2 d: 15
'2011-02-15 15:49:18' (timestamp) as SQL_C_TYPE_TIME: h: 15 m: 49 s: 18
'2011-02-15 15:49:18' (timestamp) as SQL_C_TYPE_TIMESTAMP: y: 2011 m: 2 d: 15 h: 15 m: 49 s: 18 f: 0
'2011-02-15 15:49:18' (timestamp) as SQL_C_NUMERIC: SQLGetData failed
'2011-02-15 15:49:18' (timestamp) as SQL_C_GUID: SQLGetData failed
'2011-02-15 15:49:18' (timestamp) as SQL_C_INTERVAL_YEAR: SQLGetData failed
'2011-02-15 15:49:18' (timestamp) as SQL_C_INTERVAL_MONTH: SQLGetData failed
'2011-02-15 15:49:18' (timestamp) as SQL_C_INTERVAL_DAY: SQLGetData failed
'2011-02-15 15:49:18' (timestamp) as SQL_C_INTERVAL_HOUR: SQLGetData failed
'2011-02-15 15:49:18' (timestamp) as SQL_C_INTERVAL_MINUTE: SQLGetData failed
'2011-02-15 15:49:18' (timestamp) as SQL_C_INTERVAL_SECOND: SQLGetData failed
'2011-02-15 15:49:18' (timestamp) as SQL_C_INTERVAL_YEAR_TO_MONTH: SQLGetData failed
'2011-02-15 15:49:18' (timestamp) as SQL_C_INTERVAL_DAY_TO_HOUR: SQLGetData failed
'2011-02-15 15:49:18' (timestamp) as SQL_C_INTERVAL_DAY_TO_MINUTE: SQLGetData failed
'2011-02-15 15:49:18' (timestamp) as SQL_C_INTERVAL_DAY_TO_SECOND: SQLGetData failed
'2011-02-15 15:49:18' (timestamp) as SQL_C_INTERVAL_HOUR_TO_MINUTE: SQLGetData failed
'2011-02-15 15:49:18' (timestamp) as SQL_C_INTERVAL_HOUR_TO_SECOND: SQLGetData failed
'2011-02-15 15:49:18' (timestamp) as SQL_C_INTERVAL_MINUTE_TO_SECOND: SQLGetData failed
'10 years -11 months -12 days 13:14:00' (interval) as SQL_C_CHAR: 9 years 1 month -12 days 13:14:00
'10 years -11 months -12 days 13:14:00' (interval) as SQL_C_WCHAR: 9 years 1 month -12 days 13:14:00
'10 years -11 months -12 days 13:14:00' (interval) as SQL_C_SSHORT: SQLGetData failed
'10 years -11 months -12 days 13:14:00' (interval) as SQL_C_USHORT: SQLGetData failed
'10 years -11 months -12 days 13:14:00' (interval) as SQL_C_SLONG: SQLGetData failed
'10 years -11 months -12 days 13:14:00' (interval) as SQL_C_ULONG: SQLGetData failed
'10 years -11 months -12 days 13:14:00' (interval) as SQL_C_FLOAT: SQLGetData failed
'10 years -11 months -12 days 13:14:00' (interval) as SQL_C_DOUBLE: SQLGetData failed
'10 years -11 months -12 days 13:14:00' (interval) as SQL_C_BIT: SQLGetData failed
'10 years -11 months -12 days 13:14:00' (interval) as SQL_C_STINYINT: SQLGetData failed
'10 years -11 months -12 days 13:14:00' (interval) as SQL_C_UTINYINT: SQLGetData failed
'10 years -11 months -12 days 13:14:00' (interval) as SQL_C_SBIGINT: SQLGetData failed
'10 years -11 months -12 days 13:14:00' (interval) as SQL_C_UBIGINT: SQLGetData failed
'10 years -11 months -12 days 13:14:00' (interval) as SQL_C_BINARY: hex: 392079656172732031206D6F6E7468202D313220646179732031333A31343A3030
'10 years -11 months -12 days 13:14:00' (interval) as SQL_C_BOOKMARK: SQLGetData failed
'10 years -11 months -12 days 13:14:00' (interval) as SQL_C_VARBOOKMARK: hex: 392079656172732031206D6F6E7468202D313220646179732031333A31343A3030
'10 years -11 months -12 days 13:14:00' (interval) as SQL_C_TYPE_DATE: SQLGetData failed
'10 years -11 months -12 days 13:14:00' (interval) as SQL_C_TYPE_TIME: SQLGetData failed
'10 years -11 months -12 days 13:14:00' (interval) as SQL_C_TYPE_TIMESTAMP: SQLGetData failed
'10 years -11 months -12 days 13:14:00' (interval) as SQL_C_NUMERIC: SQLGetData failed
'10 years -11 months -12 days 13:14:00' (interval) as SQL_C_GUID: SQLGetData failed
'10 years -11 months -12 days 13:14:00' (interval) as SQL_C_INTERVAL_YEAR: interval sign: 0 year: 9
'10 years -11 months -12 days 13:14:00' (interval) as SQL_C_INTERVAL_MONTH: interval sign: 0 month: 109
'10 years -11 months -12 days 13:14:00' (interval) as SQL_C_INTERVAL_DAY: interval sign: 0 day: 3258
'10 years -11 months -12 days 13:14:00' (interval) as SQL_C_INTERVAL_HOUR: interval sign: 0 hour: 78205
'10 years -11 months -12 days 13:14:00' (interval) as SQL_C_INTERVAL_MINUTE: interval sign: 0 minute: 4692314
'10 years -11 months -12 days 13:14:00' (interval) as SQL_C_INTERVAL_SECOND: interval sign: 0 second: 281538840
'10 years -11 months -12 days 13:14:00' (interval) as SQL_C_INTERVAL_YEAR_TO_MONTH: interval sign: 0 year 9 month: 1
'10 years -11 months -12 days 13:14:00' (interval) as SQL_C_INTERVAL_DAY_TO_HOUR: interval sign: 0 day: 3258 hour: 13
'10 years -11 months -12 days 13:14:00' (interval) as SQL_C_INTERVAL_DAY_TO_MINUTE: interval sign: 0 day: 3258 hour: 13 minute: 14
'10 years -11 months -12 days 13:14:00' (interval) as SQL_C_INTERVAL_DAY_TO_SECOND: interval sign: 0 day: 3258 hour: 13 minute: 14 second: 0 fraction: 0
'10 years -11 months -12 days 13:14:00' (interval) as SQL_C_INTERVAL_HOUR_TO_MINUTE: interval sign: 0 hour: 78205 minute: 14
'10 years -11 months -12 days 13:14:00' (interval) as SQL_C_INTERVAL_HOUR_TO_SECOND: interval sign: 0 hour: 78205 minute: 14 second: 0 fraction: 0
'10 years -11 months -12 days 13:14:00' (interval) as SQL_C_INTERVAL_MINUTE_TO_SECOND: interval sign: 0 minute: 4692314 second: 0 fraction: 0
'1234.567890' (numeric) as SQL_C_CHAR: 1234.568
'1234.567890' (numeric) as SQL_C_WCHAR: 1234.568
'1234.567890' (numeric) as SQL_C_SSHORT: 1235
'1234.567890' (numeric) as SQL_C_USHORT: 1235
'1234.567890' (numeric) as SQL_C_SLONG: 1235
'1234.567890' (numeric) as SQL_C_ULONG: 1235
'1234.567890' (numeric) as SQL_C_FLOAT: 1234.567993
'1234.567890' (numeric) as SQL_C_DOUBLE: 1234.568000
'1234.567890' (numeric) as SQL_C_BIT: SQLGetData failed
'1234.567890' (numeric) as SQL_C_STINYINT: SQLGetData failed
'1234.567890' (numeric) as SQL_C_UTINYINT: SQLGetData failed
'1234.567890' (numeric) as SQL_C_SBIGINT: 1235
'1234.567890' (numeric) as SQL_C_UBIGINT: 1235
'1234.567890' (numeric) as SQL_C_BINARY: hex: 313233342E353638
'1234.567890' (numeric) as SQL_C_BOOKMARK: 1235
'1234.567890' (numeric) as SQL_C_VARBOOKMARK: hex: 313233342E353638
'1234.567890' (numeric) as SQL_C_TYPE_DATE: SQLGetData failed
'1234.567890' (numeric) as SQL_C_TYPE_TIME: SQLGetData failed
'1234.567890' (numeric) as SQL_C_TYPE_TIMESTAMP: SQLGetData failed
'1234.567890' (numeric) as SQL_C_NUMERIC: precision: 7 scale: 3 sign: 1 val: 88d61200000000000000000000000000
'1234.567890' (numeric) as SQL_C_GUID: SQLGetData failed
'1234.567890' (numeric) as SQL_C_INTERVAL_YEAR: SQLGetData failed
'1234.567890' (numeric) as SQL_C_INTERVAL_MONTH: SQLGetData failed
'1234.567890' (numeric) as SQL_C_INTERVAL_DAY: SQLGetData failed
'1234.567890' (numeric) as SQL_C_INTERVAL_HOUR: SQLGetData failed
'1234.567890' (numeric) as SQL_C_INTERVAL_MINUTE: SQLGetData failed
'1234.567890' (numeric) as SQL_C_INTERVAL_SECOND: SQLGetData failed
'1234.567890' (numeric) as SQL_C_INTERVAL_YEAR_TO_MONTH: SQLGetData failed
'1234.567890' (numeric) as SQL_C_INTERVAL_DAY_TO_HOUR: SQLGetData failed
'1234.567890' (numeric) as SQL_C_INTERVAL_DAY_TO_MINUTE: SQLGetData failed
'1234.567890' (numeric) as SQL_C_INTERVAL_DAY_TO_SECOND: SQLGetData failed
'1234.567890' (numeric) as SQL_C_INTERVAL_HOUR_TO_MINUTE: SQLGetData failed
'1234.567890' (numeric) as SQL_C_INTERVAL_HOUR_TO_SECOND: SQLGetData failed
'1234.567890' (numeric) as SQL_C_INTERVAL_MINUTE_TO_SECOND: SQLGetData failed

---Running pontual tests...
'\x464F4F' (bytea) as SQL_C_CHAR: F4F4F
'\x464F4F' (bytea) as SQL_C_WCHAR: F4F4F
'543c5e21-435a-440b-943c-64af1ad571f1' (text) as SQL_C_GUID: SQLGetData failed
'2011-02-13' (date) as SQL_C_DATE: y: 2011 m: 2 d: 13
'2011-02-13' (date) as SQL_C_TIMESTAMP: y: 2011 m: 2 d: 13 h: 0 m: 0 s: 0 f: 0
'2011-02-15 15:49:18' (timestamp) as SQL_C_DATE: y: 2011 m: 2 d: 15
'2011-02-15 15:49:18' (timestamp) as SQL_C_TIMESTAMP: y: 2011 m: 2 d: 15 h: 15 m: 49 s: 18 f: 0
'' (text) as SQL_C_TYPE_DATE: SQLGetData failed
'' (text) as SQL_C_TYPE_TIME: SQLGetData failed
'' (text) as SQL_C_TYPE_TIMESTAMP: SQLGetData failed
'foobar' (text) as SQL_C_CHAR: foob
'foobar' (text) as SQL_C_CHAR: fooba
'foobar' (text) as SQL_C_CHAR: foobar
'foobar' (text) as SQL_C_WCHAR: foob
'foobar' (text) as SQL_C_WCHAR: foob
'foobar' (text) as SQL_C_WCHAR: fooba
'foobar' (text) as SQL_C_WCHAR: fooba
'foobar' (text) as SQL_C_WCHAR: foobar
'' (text) as SQL_C_CHAR: 
'' (text) as SQL_C_WCHAR: 
'2011-02-15 15:49:18' (timestamp) as SQL_C_CHAR: 2011-02-15 15:49:1

Testing different timestamp subtype conversions to DATE, TIME, and TIMESPAMP.
'2021-07-15 12:30:00' (timestamp_s) as SQL_C_TYPE_DATE: y: 2021 m: 7 d: 15
'2021-07-15 12:30:00' (timestamp_ms) as SQL_C_TYPE_DATE: y: 2021 m: 7 d: 15
'2021-07-15 12:30:00' (timestamp) as SQL_C_TYPE_DATE: y: 2021 m: 7 d: 15
'2021-07-15 12:30:00' (timestamp_ns) as SQL_C_TYPE_DATE: y: 2021 m: 7 d: 15
'2021-07-15 12:30:00' (timestamp_s) as SQL_C_TYPE_TIME: h: 12 m: 30 s: 0
'2021-07-15 12:30:00' (timestamp_ms) as SQL_C_TYPE_TIME: h: 12 m: 30 s: 0
'2021-07-15 12:30:00' (timestamp) as SQL_C_TYPE_TIME: h: 12 m: 30 s: 0
'2021-07-15 12:30:00' (timestamp_ns) as SQL_C_TYPE_TIME: h: 12 m: 30 s: 0
'2021-07-15 12:30:00' (timestamp_s) as SQL_C_TYPE_TIMESTAMP: y: 2021 m: 7 d: 15 h: 12 m: 30 s: 0 f: 0
'2021-07-15 12:30:00' (timestamp_ms) as SQL_C_TYPE_TIMESTAMP: y: 2021 m: 7 d: 15 h: 12 m: 30 s: 0 f: 0
'2021-07-15 12:30:00' (timestamp) as SQL_C_TYPE_TIMESTAMP: y: 2021 m: 7 d: 15 h: 12 m: 30 s: 0 f: 0
'2021-07-15 12:30:00' (timestamp_ns) as SQL_C_TYPE_TIMESTAMP: y: 2021 m: 7 d: 15 h: 12 m: 30 s: 0 f: 0
disconnecting
