connected
0	0SalesPerson	0Status
1	1SalesPerson	1Status
2	2SalesPerson	2Status
3	3SalesPerson	3Status
4	4SalesPerson	4Status
5	5SalesPerson	5Status
6	6SalesPerson	6Status
7	7SalesPerson	7Status
8	8SalesPerson	8Status
9	9SalesPerson	9Status

Testing other types...

f	0	0	0.000	00000000000000000000000000000000	0-Varchar	2000-10-10
t	1	1	1.000	01000000000000000000000000000000	1-Varchar	2001-10-11
t	2	2	2.000	02000000000000000000000000000000	2-Varchar	2002-10-12
t	3	3	3.000	03000000000000000000000000000000	3-Varchar	2003-10-13
t	4	4	4.000	04000000000000000000000000000000	4-Varchar	2004-10-14
t	5	5	5.000	05000000000000000000000000000000	5-Varchar	2005-10-15
t	6	6	6.000	06000000000000000000000000000000	6-Varchar	2006-10-16
t	7	7	7.000	07000000000000000000000000000000	7-Varchar	2007-10-17
t	8	8	8.000	08000000000000000000000000000000	8-Varchar	2008-10-18
t	9	9	9.000	09000000000000000000000000000000	9-Varchar	2009-10-19
disconnecting
